2025-10-04 06:27:01,734:DEBUG:certbot._internal.main:certbot version: 1.23.0
2025-10-04 06:27:01,734:DEBUG:certbot._internal.main:Location of certbot entry point: /usr/local/bin/certbot
2025-10-04 06:27:01,734:DEBUG:certbot._internal.main:Arguments: []
2025-10-04 06:27:01,735:DEBUG:certbot._internal.main:Discovered plugins: PluginsRegistry(PluginEntryPoint#manual,PluginEntryPoint#null,PluginEntryPoint#standalone,PluginEntryPoint#webroot)
2025-10-04 06:27:01,761:DEBUG:certbot._internal.log:Root logging level set at 30
2025-10-04 06:27:01,928:DEBUG:certbot._internal.display.obj:Notifying user: Processing /etc/letsencrypt/renewal/smarthan.site.conf
2025-10-04 06:27:02,090:DEBUG:certbot._internal.plugins.selection:Requested authenticator <certbot._internal.cli.cli_utils._Default object at 0x7ff369573070> and installer <certbot._internal.cli.cli_utils._Default object at 0x7ff369573070>
2025-10-04 06:27:02,156:INFO:certbot.ocsp:Cannot extract OCSP URI from /etc/letsencrypt/archive/smarthan.site/cert6.pem
2025-10-04 06:27:02,162:DEBUG:certbot._internal.display.obj:Notifying user: Certificate not yet due for renewal
2025-10-04 06:27:02,164:DEBUG:certbot._internal.plugins.selection:Requested authenticator webroot and installer None
2025-10-04 06:27:02,165:DEBUG:certbot._internal.display.obj:Notifying user: Processing /etc/letsencrypt/renewal/smarthan.store.conf
2025-10-04 06:27:02,442:INFO:certbot.ocsp:Cannot extract OCSP URI from /etc/letsencrypt/archive/smarthan.store/cert1.pem
2025-10-04 06:27:02,443:DEBUG:certbot._internal.display.obj:Notifying user: Certificate not yet due for renewal
2025-10-04 06:27:02,444:DEBUG:certbot._internal.plugins.selection:Requested authenticator webroot and installer None
2025-10-04 06:27:02,444:DEBUG:certbot._internal.display.obj:Notifying user: 
- - - - - - - - - - - - - - - - - - - - - - - - - - - - - - - - - - - - - - - -
2025-10-04 06:27:02,444:DEBUG:certbot._internal.display.obj:Notifying user: The following certificates are not due for renewal yet:
2025-10-04 06:27:02,444:DEBUG:certbot._internal.display.obj:Notifying user:   /etc/letsencrypt/live/smarthan.site/fullchain.pem expires on 2025-11-07 (skipped)
  /etc/letsencrypt/live/smarthan.store/fullchain.pem expires on 2026-01-02 (skipped)
2025-10-04 06:27:02,444:DEBUG:certbot._internal.display.obj:Notifying user: No renewals were attempted.
2025-10-04 06:27:02,444:DEBUG:certbot._internal.display.obj:Notifying user: - - - - - - - - - - - - - - - - - - - - - - - - - - - - - - - - - - - - - - - -
2025-10-04 06:27:02,445:DEBUG:certbot._internal.renewal:no renewal failures
